// <auto-generated>
// Generated by RemoteMvvmTool.
// </auto-generated>

{ 
  "version": "0.2.0",
  "configurations": [
    {
      "type": "node",
      "request": "launch",
      "name": "Launch Program",
      "skipFiles": [ "<node_internals>/**" ],
      "program": "${workspaceFolder}/src/app.js",
      "cwd": "${workspaceFolder}",
      "console": "externalTerminal"
    }
  ]
}
